// Jest Snapshot v1, https://goo.gl/fbAQLP

exports[`Results renders without crashing 1`] = `
<Results
  randomQuestions={
    Array [
      Object {
        "possibleAnswers": Array [
          Object {
            "answer": "Joanne Kathleen",
            "correctAnswer": true,
          },
          Object {
            "answer": "Jane Kathleen",
            "correctAnswer": false,
          },
          Object {
            "answer": "Jody Katie",
            "correctAnswer": false,
          },
          Object {
            "answer": "Joanne Katie",
            "correctAnswer": false,
          },
        ],
        "question": "What do the initials J.K. Rowling stand for?",
      },
    ]
  }
  result={8}
>
  <section>
    <h2
      className="results__header"
    >
      Hogwarts awaits you!
    </h2>
    <ul
      className="results__statistics"
    >
      <li>
        Number of correct answers: 
        8
         of 
        1
      </li>
      <li>
        Number of incorrect answers: 
        -7
         of 
        1
      </li>
    </ul>
  </section>
</Results>
`;
